<html>
<body>
<pre>
<h1>µVision Build Log</h1>
<h2>Tool Versions:</h2>
IDE-Version: µVision V5.21.0.0
Copyright (C) 2016 ARM Ltd and ARM Germany GmbH. All rights reserved.
License Information: Larry Kiser, Rochester Institute of Technology, LIC=----
 
Tool Versions:
Toolchain:       MDK-Lite  Version: 5.21
Toolchain Path:  C:\Keil_v5\ARM\ARMCC\Bin
C Compiler:      Armcc.exe V5.06 update 3 (build 300)
Assembler:       Armasm.exe V5.06 update 3 (build 300)
Linker/Locator:  ArmLink.exe V5.06 update 3 (build 300)
Library Manager: ArmAr.exe V5.06 update 3 (build 300)
Hex Converter:   FromElf.exe V5.06 update 3 (build 300)
CPU DLL:         SARMCM3.DLL V5.21
Dialog DLL:      DCM.DLL V1.13.8.0
Target DLL:      STLink\ST-LINKIII-KEIL_SWO.dll V2.0.18.0
Dialog DLL:      TCM.DLL V1.14.14.0
 
<h2>Project:</h2>
Z:\swen563\Project2\Project2.uvprojx
Project File Date:  10/13/2017

<h2>Output:</h2>
*** Using Compiler 'V5.06 update 3 (build 300)', folder: 'C:\Keil_v5\ARM\ARMCC\Bin'
Rebuild target 'Target 1'
assembling startup_stm32l476xx.s...
compiling SysClock.c...
compiling main.c...
src\Commands.h(7): warning:  #1295-D: Deprecated declaration Turn_Left - give arg types
  void Turn_Left();
src\Commands.h(8): warning:  #1295-D: Deprecated declaration Turn_Right - give arg types
  void Turn_Right();
src\Commands.h(9): warning:  #1295-D: Deprecated declaration Pause - give arg types
  void Pause();
src\Commands.h(10): warning:  #1295-D: Deprecated declaration Continue - give arg types
  void Continue();
src\main.c(47): warning:  #223-D: function "Move_Buffering" declared implicitly
  	Move_Buffering(5);
src\main.c(33): warning:  #177-D: variable "width" was declared but never referenced
  	int width = 400;
src\main.c: 6 warnings, 0 errors
compiling Timer.c...
compiling dynamic_array.c...
src\dynamic_array.c(129): warning:  #1-D: last line of file ends without a newline
  }
src\dynamic_array.c: 1 warning, 0 errors
compiling state_machine.c...
src\state_machine.h(15): warning:  #1295-D: Deprecated declaration Servo_At_0 - give arg types
  void *Servo_At_0();
src\state_machine.h(16): warning:  #1295-D: Deprecated declaration Servo_At_1 - give arg types
  void *Servo_At_1();
src\state_machine.h(17): warning:  #1295-D: Deprecated declaration Servo_At_2 - give arg types
  void *Servo_At_2();
src\state_machine.h(18): warning:  #1295-D: Deprecated declaration Servo_Init - give arg types
  void *Servo_Init();
src\state_machine.h(19): warning:  #1295-D: Deprecated declaration Servo_Unknown - give arg types
  void *Servo_Unknown();
src\state_machine.h(22): warning:  #1295-D: Deprecated declaration Post_State - give arg types
  void *Post_State();
src\state_machine.h(23): warning:  #1295-D: Deprecated declaration Running_State - give arg types
  void *Running_State();
src\state_machine.h(25): warning:  #1-D: last line of file ends without a newline
  #endif
src\state_machine.c(6): warning:  #940-D: missing return statement at end of non-void function "Servo_At_0"
  }
src\state_machine.c(10): warning:  #940-D: missing return statement at end of non-void function "Servo_At_1"
  }
src\state_machine.c(14): warning:  #940-D: missing return statement at end of non-void function "Servo_At_2"
  }
src\state_machine.c(18): warning:  #940-D: missing return statement at end of non-void function "Servo_At_3"
  }
src\state_machine.c(22): warning:  #940-D: missing return statement at end of non-void function "Servo_At_4"
  }
src\state_machine.c(26): warning:  #940-D: missing return statement at end of non-void function "Servo_At_5"
  }
src\state_machine.c(30): warning:  #940-D: missing return statement at end of non-void function "Servo_Unknown"
  }
src\state_machine.c(34): warning:  #940-D: missing return statement at end of non-void function "Servo_Init"
  }
src\state_machine.c(38): warning:  #940-D: missing return statement at end of non-void function "Post_State"
  }
src\state_machine.c(42): warning:  #940-D: missing return statement at end of non-void function "Running_State"
  }
src\state_machine.c(102): warning:  #1-D: last line of file ends without a newline
  */
src\state_machine.c: 19 warnings, 0 errors
compiling UART.c...
compiling Util.c...
compiling Commands.c...
src\commands.h(7): warning:  #1295-D: Deprecated declaration Turn_Left - give arg types
  void Turn_Left();
src\commands.h(8): warning:  #1295-D: Deprecated declaration Turn_Right - give arg types
  void Turn_Right();
src\commands.h(9): warning:  #1295-D: Deprecated declaration Pause - give arg types
  void Pause();
src\commands.h(10): warning:  #1295-D: Deprecated declaration Continue - give arg types
  void Continue();
src\Commands.c(33): warning:  #127-D: expected a statement
  	}
src\Commands.c(67): warning:  #1-D: last line of file ends without a newline
  }
src\Commands.c: 6 warnings, 0 errors
compiling LED.c...
linking...
Program Size: Code=1972 RO-data=428 RW-data=8 ZI-data=1632  
FromELF: creating hex file...
".\Objects\Project2.axf" - 0 Error(s), 32 Warning(s).

<h2>Software Packages used:</h2>

Package Vendor: ARM
                http://www.keil.com/pack/ARM.CMSIS.4.5.0.pack
                ARM::CMSIS:CORE:4.3.0
                CMSIS (Cortex Microcontroller Software Interface Standard)
   * Component: CORE Version: 4.3.0

<h2>Collection of Component include folders:</h2>
  Z:\swen563\Project2\RTE
  C:\Keil_v5\ARM\PACK\ARM\CMSIS\4.5.0\CMSIS\Include
  C:\Keil_v5\ARM\PACK\Keil\STM32L4xx_DFP\1.2.0\Device\Include

<h2>Collection of Component Files used:</h2>

   * Component: ARM::CMSIS:CORE:4.3.0
Build Time Elapsed:  00:00:03
</pre>
</body>
</html>
